2026-03-19 17:57:04,635 [INFO] ==========================================
2026-03-19 17:57:04,635 [INFO] 매일 자동 동기화 시작: 2026-03-19 17:57:04
2026-03-19 17:57:04,635 [INFO] 1단계: 데이터 추출 엔진 가동...
2026-03-19 18:03:59,750 [INFO] 성공: python3... 완료
2026-03-19 18:03:59,750 [INFO] 2단계: 깃허브 자동 커밋 및 푸시...
2026-03-19 18:04:00,428 [INFO] 성공: git... 완료
2026-03-19 18:04:00,505 [INFO] 성공: git... 완료
2026-03-19 18:04:00,505 [INFO] 3단계: 원격 저장소로 푸시 중...
2026-03-19 18:04:01,380 [ERROR] 실패: git push origin main
Error: To https://github.com/bough38-web/field-sales-assistant.git
 ! [rejected]        main -> main (fetch first)
error: failed to push some refs to 'https://github.com/bough38-web/field-sales-assistant.git'
hint: Updates were rejected because the remote contains work that you do not
hint: have locally. This is usually caused by another repository pushing to
hint: the same ref. If you want to integrate the remote changes, use
hint: 'git pull' before pushing again.
hint: See the 'Note about fast-forwards' in 'git push --help' for details.

2026-03-19 18:04:01,381 [ERROR] 푸시 실패. 네트워크 상태나 권한을 확인하세요.
2026-03-20 01:06:48,630 [INFO] ==========================================
2026-03-20 01:06:48,630 [INFO] 매일 자동 동기화 시작: 2026-03-20 01:06:48
2026-03-20 01:06:48,630 [INFO] 1단계: 데이터 추출 엔진 가동...
2026-03-20 01:17:08,671 [INFO] 성공: python3... 완료
2026-03-20 01:17:08,671 [INFO] 2단계: 깃허브 자동 커밋 및 푸시...
2026-03-21 01:07:02,109 [INFO] ==========================================
2026-03-21 01:07:02,110 [INFO] 매일 자동 동기화 시작: 2026-03-21 01:07:02
2026-03-21 01:07:02,110 [INFO] 1단계: 데이터 추출 엔진 가동...
2026-03-21 01:08:32,227 [INFO] 성공: python3... 완료
2026-03-21 01:08:32,227 [INFO] 2단계: 깃허브 자동 커밋 및 푸시...
2026-03-22 01:15:32,466 [INFO] ==========================================
2026-03-22 01:15:32,466 [INFO] 매일 자동 동기화 시작: 2026-03-22 01:15:32
2026-03-22 01:15:32,466 [INFO] 1단계: 데이터 추출 엔진 가동...
2026-03-22 01:16:28,318 [INFO] 성공: python3... 완료
2026-03-22 01:16:28,318 [INFO] 2단계: 깃허브 자동 커밋 및 푸시...
2026-03-23 01:16:02,319 [INFO] ==========================================
2026-03-23 01:16:02,319 [INFO] 매일 자동 동기화 시작: 2026-03-23 01:16:02
2026-03-23 01:16:02,319 [INFO] 1단계: 데이터 추출 엔진 가동...
2026-03-23 06:41:52,537 [INFO] 성공: python3... 완료
2026-03-23 06:41:52,537 [INFO] 2단계: 깃허브 자동 커밋 및 푸시...
2026-03-30 01:23:45,235 [INFO] ==========================================
2026-03-30 01:23:45,235 [INFO] 매일 자동 동기화 시작: 2026-03-30 01:23:45
2026-03-30 01:23:45,235 [INFO] 1단계: 데이터 추출 엔진 가동...
2026-03-30 07:13:12,618 [INFO] 성공: python3... 완료
2026-03-30 07:13:12,618 [INFO] 2단계: 깃허브 자동 커밋 및 푸시...
2026-04-06 01:24:10,311 [INFO] ==========================================
2026-04-06 01:24:10,311 [INFO] 매일 자동 동기화 시작: 2026-04-06 01:24:10
2026-04-06 01:24:10,311 [INFO] 1단계: 데이터 추출 엔진 가동...
2026-04-06 05:56:20,675 [INFO] 성공: python3... 완료
2026-04-06 05:56:20,675 [INFO] 2단계: 깃허브 자동 커밋 및 푸시...
2026-04-08 01:22:27,481 [INFO] ==========================================
2026-04-08 01:22:27,481 [INFO] 매일 자동 동기화 시작: 2026-04-08 01:22:27
2026-04-08 01:22:27,481 [INFO] 1단계: 데이터 추출 엔진 가동...
2026-04-08 06:31:53,721 [INFO] 성공: python3... 완료
2026-04-08 06:31:53,722 [INFO] 2단계: 깃허브 자동 커밋 및 푸시...
2026-04-13 01:29:34,285 [INFO] ==========================================
2026-04-13 01:29:34,285 [INFO] 매일 자동 동기화 시작: 2026-04-13 01:29:34
2026-04-13 01:29:34,285 [INFO] 1단계: 데이터 추출 엔진 가동...
2026-04-13 07:05:23,989 [INFO] 성공: python3... 완료
2026-04-13 07:05:23,989 [INFO] 2단계: 깃허브 자동 커밋 및 푸시...
2026-04-17 01:27:12,410 [INFO] ==========================================
2026-04-17 01:27:12,411 [INFO] 매일 자동 동기화 시작: 2026-04-17 01:27:12
2026-04-17 01:27:12,411 [INFO] 1단계: 데이터 추출 엔진 가동...
2026-04-17 07:23:59,946 [INFO] 성공: python3... 완료
2026-04-17 07:23:59,946 [INFO] 2단계: 깃허브 자동 커밋 및 푸시...
2026-04-19 01:30:34,277 [INFO] ==========================================
2026-04-19 01:30:34,277 [INFO] 매일 자동 동기화 시작: 2026-04-19 01:30:34
2026-04-19 01:30:34,277 [INFO] 1단계: 데이터 추출 엔진 가동...
2026-04-19 06:57:58,144 [INFO] 성공: python3... 완료
2026-04-19 06:57:58,144 [INFO] 2단계: 깃허브 자동 커밋 및 푸시...
2026-04-20 01:30:02,499 [INFO] ==========================================
2026-04-20 01:30:02,499 [INFO] 매일 자동 동기화 시작: 2026-04-20 01:30:02
2026-04-20 01:30:02,499 [INFO] 1단계: 데이터 추출 엔진 가동...
2026-04-20 07:14:00,102 [INFO] 성공: python3... 완료
2026-04-20 07:14:00,102 [INFO] 2단계: 깃허브 자동 커밋 및 푸시...
2026-04-22 01:25:35,383 [INFO] ==========================================
2026-04-22 01:25:35,383 [INFO] 매일 자동 동기화 시작: 2026-04-22 01:25:35
2026-04-22 01:25:35,383 [INFO] 1단계: 데이터 추출 엔진 가동...
2026-04-22 06:40:00,863 [INFO] 성공: python3... 완료
2026-04-22 06:40:00,863 [INFO] 2단계: 깃허브 자동 커밋 및 푸시...
2026-04-23 01:30:37,986 [INFO] ==========================================
2026-04-23 01:30:37,986 [INFO] 매일 자동 동기화 시작: 2026-04-23 01:30:37
2026-04-23 01:30:37,986 [INFO] 1단계: 데이터 추출 엔진 가동...
2026-04-23 06:36:48,606 [INFO] 성공: python3... 완료
2026-04-23 06:36:48,607 [INFO] 2단계: 깃허브 자동 커밋 및 푸시...
2026-04-25 01:23:21,693 [INFO] ==========================================
2026-04-25 01:23:21,693 [INFO] 매일 자동 동기화 시작: 2026-04-25 01:23:21
2026-04-25 01:23:21,693 [INFO] 1단계: 데이터 추출 엔진 가동...
2026-04-25 06:26:32,719 [INFO] 성공: python3... 완료
2026-04-25 06:26:32,719 [INFO] 2단계: 깃허브 자동 커밋 및 푸시...
2026-04-26 01:44:34,538 [INFO] ==========================================
2026-04-26 01:44:34,538 [INFO] 매일 자동 동기화 시작: 2026-04-26 01:44:34
2026-04-26 01:44:34,538 [INFO] 1단계: 데이터 추출 엔진 가동...
2026-04-26 06:49:14,106 [INFO] 성공: python3... 완료
2026-04-26 06:49:14,107 [INFO] 2단계: 깃허브 자동 커밋 및 푸시...
2026-04-27 01:48:18,777 [INFO] ==========================================
2026-04-27 01:48:18,777 [INFO] 매일 자동 동기화 시작: 2026-04-27 01:48:18
2026-04-27 01:48:18,777 [INFO] 1단계: 데이터 추출 엔진 가동...
2026-04-27 07:20:47,323 [INFO] 성공: python3... 완료
2026-04-27 07:20:47,323 [INFO] 2단계: 깃허브 자동 커밋 및 푸시...
2026-04-28 01:55:53,626 [INFO] ==========================================
2026-04-28 01:55:53,626 [INFO] 매일 자동 동기화 시작: 2026-04-28 01:55:53
2026-04-28 01:55:53,626 [INFO] 1단계: 데이터 추출 엔진 가동...
2026-04-28 05:58:15,860 [INFO] 성공: python3... 완료
2026-04-28 05:58:15,860 [INFO] 2단계: 깃허브 자동 커밋 및 푸시...
2026-04-29 01:58:17,602 [INFO] ==========================================
2026-04-29 01:58:17,603 [INFO] 매일 자동 동기화 시작: 2026-04-29 01:58:17
2026-04-29 01:58:17,603 [INFO] 1단계: 데이터 추출 엔진 가동...
2026-04-29 05:27:32,099 [INFO] 성공: python3... 완료
2026-04-29 05:27:32,099 [INFO] 2단계: 깃허브 자동 커밋 및 푸시...
2026-04-30 01:57:25,329 [INFO] ==========================================
2026-04-30 01:57:25,330 [INFO] 매일 자동 동기화 시작: 2026-04-30 01:57:25
2026-04-30 01:57:25,330 [INFO] 1단계: 데이터 추출 엔진 가동...
2026-04-30 07:06:51,873 [INFO] 성공: python3... 완료
2026-04-30 07:06:51,873 [INFO] 2단계: 깃허브 자동 커밋 및 푸시...
2026-05-01 01:59:41,059 [INFO] ==========================================
2026-05-01 01:59:41,059 [INFO] 매일 자동 동기화 시작: 2026-05-01 01:59:41
2026-05-01 01:59:41,059 [INFO] 1단계: 데이터 추출 엔진 가동...
2026-05-01 06:56:59,169 [INFO] 성공: python3... 완료
2026-05-01 06:56:59,169 [INFO] 2단계: 깃허브 자동 커밋 및 푸시...
2026-05-06 01:51:49,476 [INFO] ==========================================
2026-05-06 01:51:49,476 [INFO] 매일 자동 동기화 시작: 2026-05-06 01:51:49
2026-05-06 01:51:49,476 [INFO] 1단계: 데이터 추출 엔진 가동...
2026-05-06 07:19:04,002 [INFO] 성공: python3... 완료
2026-05-06 07:19:04,002 [INFO] 2단계: 깃허브 자동 커밋 및 푸시...
